// Vitest Snapshot v1, https://vitest.dev/guide/snapshot.html

exports[`describePatch > deterministically describes all curated presets and templates 1`] = `
{
  "ethereal-gate": "Bright airy saw pad. Soft attack, long release; shaped pad envelope. Stepped rhythmic level modulation at eighth-note rate across all oscillators with an uneven pulse. Wide detuned unison, light reverb, light delay. Second layer an octave up at low level.",
  "glass-pluck": "Bright forward-positioned glassy pluck. Fast attack, long release; decaying keys envelope. Narrow tightly tuned unison, light reverb, light delay. Second layer an octave up at low level.",
  "midnight-pad": "Warm forward-positioned warm saw pad. Soft attack, long release; shaped pad envelope. Wide detuned unison, light reverb, light delay. Second layer an octave up at low level.",
  "rhythmic-pulse": "Warm digital rhythmic. Fast attack, short release; shaped sustain envelope. Stepped rhythmic level modulation at sixteenth-note rate across all oscillators with an uneven pulse. Narrow tightly tuned unison, light reverb, light delay. Sub layer an octave down at low level.",
  "template:ambient": "Warm hollow atmosphere. Slow attack, long release; shaped swell envelope. Continuous wavetable position modulation at half-note rate on oscillator 1. Wide detuned unison, light reverb, light delay. Second layer an octave up at low level.",
  "template:arp": "Bright digital rhythmic. Fast attack, short release; shaped pluck envelope. Stepped rhythmic level modulation at eighth-note rate across all oscillators with an uneven pulse. Wide detuned unison, light delay. Second layer an octave up at low level.",
  "template:bass": "Dark warm saw bass. Fast attack, short release; shaped sustain envelope. light distortion. Sub layer an octave down at supporting level.",
  "template:bell": "Bright glassy pluck. Fast attack, long release; decaying bell envelope. Wide tightly tuned unison, light reverb, light delay. Second layer an octave up at low level.",
  "template:brass": "Warm harsh other. Fast attack, medium release; shaped pad envelope. Narrow tightly tuned unison, light reverb, light distortion. Sub layer an octave down at low level.",
  "template:cinematic": "Warm forward-positioned harsh atmosphere. Soft attack, long release; shaped pad envelope. Continuous wavetable position modulation at half-note rate on oscillator 1. Wide detuned unison, light reverb, strong distortion. Second layer an octave up at supporting level.",
  "template:fx": "Bright digital other. Fast attack, long release; shaped pad envelope. Continuous wavetable position modulation at half-note rate on oscillator 1. Wide detuned unison, light reverb, light delay, light distortion. Second layer a fifth up at low level.",
  "template:keys": "Warm soft triangle keys. Fast attack, long release; shaped pad envelope. Narrow tightly tuned unison, heavy reverb. Second layer an octave up at low level.",
  "template:lead": "Warm metallic lead. Fast attack, medium release; shaped sustain envelope. Wide detuned unison, strong delay, strong distortion. Second oscillator layer at low level.",
  "template:pad": "Warm airy saw pad. Slow attack, long release; sustained swell envelope. Continuous wavetable position modulation at half-note rate on oscillator 1. Wide detuned unison, light reverb. Second layer an octave up at low level.",
  "template:percussion": "Warm harsh rhythmic. Fast attack, short release; decaying pluck envelope. Stepped rhythmic level modulation at sixteenth-note rate across all oscillators with an uneven pulse. light reverb, light distortion. Second layer an octave up at low level.",
  "template:pluck": "Warm hollow square pluck. Fast attack, medium release; decaying pluck envelope. Narrow tightly tuned unison, light reverb, light delay. Second layer an octave up at low level.",
  "template:strings": "Warm forward-positioned saw pad. Soft attack, long release; sustained pad envelope. Wide detuned unison, light reverb. Second layer an octave up at low level.",
  "template:vocal": "Warm vocal other. Soft attack, long release; shaped pad envelope. Continuous wavetable position modulation at half-note rate on oscillator 1. Wide detuned unison, light reverb, strong delay. Second layer an octave up at low level.",
  "warm-mono-bass": "Dark forward-positioned saw bass. Fast attack, short release; shaped sustain envelope. Sub layer an octave down at low level.",
  "wide-lead": "Warm metallic lead. Fast attack, medium release; shaped pad envelope. Stepped rhythmic level modulation at 5.2 Hz across all oscillators with an uneven pulse. Wide detuned unison, light reverb, light delay. Second oscillator layer at supporting level.",
}
`;
